// Jest Snapshot v1, https://goo.gl/fbAQLP

exports[`NotFound renders correctly 1`] = `
<div
  className="cities__places-wrapper"
  style={
    Object {
      "height": "100vh",
    }
  }
>
  <div
    className="cities__places-container cities__places-container--empty container"
  >
    <section
      className="cities__no-places"
    >
      <div
        className="cities__status-wrapper tabs__content"
      >
        <b
          className="cities__status"
        >
          Page not found (404)
        </b>
        <p
          className="cities__status-description"
        >
          Oops! The page you were looking for does not exist
        </p>
      </div>
    </section>
    <div
      className="cities__right-section"
    />
  </div>
</div>
`;
