// Jest Snapshot v1, https://goo.gl/fbAQLP

exports[`App renders correctly 1`] = `
<MainPage
  currentTown="Amsterdam"
  onTownClick={[MockFunction]}
  rentalOffers={
    Array [
      Object {
        "coordinates": Array [
          52.3909553943508,
          4.929309666406198,
        ],
        "id": 123,
        "preview_image": "preview_image/apartment-01.jpg",
        "isInBookmarks": false,
        "isPremium": true,
        "price": 120,
        "rating": 4,
        "title": "Beautiful & luxurious apartment at great location",
        "city": Object {
          "coords": Array [
            52.38333,
            4.9,
          ],
          "name": "Amsterdam",
        },
        "type": "Apartment",
      },
    ]
  }
  towns={
    Array [
      "Amsterdam",
      "Paris",
    ]
  }
/>
`;
