// Jest Snapshot v1, https://goo.gl/fbAQLP

exports[`App renders correctly 1`] = `
<Fragment>
  <PageWrapper>
    <AppHeader
      isAuthenticated={true}
      user={
        Object {
          "user": Object {
            "avatarUrl": "img/1.png",
            "id": 4,
            "isPro": false,
            "name": "Max",
          },
        }
      }
    />
    <Switch>
      <Route
        component={
          Object {
            "$$typeof": Symbol(react.memo),
            "WrappedComponent": [Function],
            "compare": null,
            "displayName": "Connect(MainPage)",
            "type": [Function],
          }
        }
        exact={true}
        path="/"
      />
      <Route
        path="/login"
        render={[Function]}
      />
      <Route
        component={
          Object {
            "$$typeof": Symbol(react.memo),
            "WrappedComponent": [Function],
            "compare": null,
            "displayName": "Connect(OfferDetails)",
            "type": [Function],
          }
        }
        path="/offer/:id"
      />
      <Route
        path="/favorites"
        render={[Function]}
      />
      <Route
        component={[Function]}
      />
    </Switch>
  </PageWrapper>
</Fragment>
`;
