// Jest Snapshot v1, https://goo.gl/fbAQLP

exports[`MainPage renders correctly 1`] = `
<main
  className="page__main page__main--index"
>
  <h1
    className="visually-hidden"
  >
    Cities
  </h1>
  <TownsList
    currentTown={
      Object {
        "location": 123,
      }
    }
    offers={
      Array [
        Object {
          "city": Object {
            "coordinates": Array [
              52.38333,
              4.9,
            ],
            "name": "Amsterdam",
          },
          "coordinates": Array [
            52.3909553943508,
            4.929309666406198,
          ],
          "id": 123,
          "isInBookmarks": false,
          "isPremium": true,
          "preview_image": "img/apartment-01.jpg",
          "price": 120,
          "rating": 4,
          "title": "Beautiful & luxurious apartment at great location",
          "type": "Apartment",
        },
        Object {
          "city": Object {
            "coordinates": Array [
              52.38333,
              4.9,
            ],
            "name": "Amsterdam",
          },
          "coordinates": Array [
            52.3909553943508,
            4.929309666406198,
          ],
          "id": 123,
          "isInBookmarks": false,
          "isPremium": true,
          "preview_image": "img/apartment-01.jpg",
          "price": 120,
          "rating": 4,
          "title": "Beautiful & luxurious apartment at great location",
          "type": "Apartment",
        },
      ]
    }
    onTownClick={[MockFunction]}
  />
  <div
    className="cities__places-wrapper"
    style={
      Object {
        "height": "100vh",
      }
    }
  >
    <div
      className="cities__places-container container"
    >
      <section
        className="cities__places places"
      >
        <h2
          className="visually-hidden"
        >
          Places
        </h2>
        <b
          className="places__found"
        >
          2 places to stay in undefined
        </b>
        <form
          action="#"
          className="places__sorting"
          method="get"
        >
          <span
            className="places__sorting-caption"
          >
            Sort by
          </span>
          <span
            className="places__sorting-type"
            tabIndex="0"
          >
            Popular
            <svg
              className="places__sorting-arrow"
              height="4"
              width="7"
            >
              <use
                xlinkHref="#icon-arrow-select"
              />
            </svg>
          </span>
          <ul
            className="places__options places__options--custom places__options--opened"
          >
            <li
              className="places__option places__option--active"
              tabIndex="0"
            >
              Popular
            </li>
            <li
              className="places__option"
              tabIndex="0"
            >
              Price: low to high
            </li>
            <li
              className="places__option"
              tabIndex="0"
            >
              Price: high to low
            </li>
            <li
              className="places__option"
              tabIndex="0"
            >
              Top rated first
            </li>
          </ul>
        </form>
        <WithActiveItem
          rentalOffers={
            Array [
              "Amsterdam",
              "Paris",
            ]
          }
          setActiveItem={[Function]}
        />
      </section>
      <div
        className="cities__right-section"
      >
        <Map
          activeOfferId={null}
          cityOffers={
            Array [
              "Amsterdam",
              "Paris",
            ]
          }
          currentTown={
            Object {
              "location": 123,
            }
          }
        />
      </div>
    </div>
  </div>
</main>
`;
